// Vitest Snapshot v1, https://vitest.dev/guide/snapshot.html

exports[`About component > matches snapshot 1`] = `
<DocumentFragment>
  <div
    class="about"
  >
    <div
      class="about__wrapper text__container"
    >
      <div>
        <div
          class="about__main"
        >
          <p
            class="title"
          >
            Danny Bae
          </p>
          <p
            class="subtitle"
          >
            Frontend Developer
          </p>
        </div>
        <div
          class="about__sub"
        />
      </div>
      <div>
        <div
          class="about__main"
        />
        <div
          class="about__sub"
        >
          <p
            class="title"
          >
            Hello World
          </p>
          <p
            class="text"
          >
            This is doc-mdx, a simple application that allows users create concise technical documentation directly from a markdown document. In this article, I will go over the process of installation and usage.
          </p>
        </div>
      </div>
      <div>
        <div
          class="about__main"
        />
        <div
          class="about__sub"
        >
          <p
            class="title"
          >
            Markdown
          </p>
          <p
            class="text"
          >
            Markdown is a lightweight markup language widely used for formatting plain text documents. It is used among developers who need a simple and highly readable way to craft documentation related to a code base. Users can use markdown syntax or even HTML syntax to build documents.
          </p>
        </div>
      </div>
      <div>
        <div
          class="about__main"
        />
        <div
          class="about__sub"
        >
          <p
            class="title"
          >
            doc-mdx
          </p>
          <p
            class="text"
          >
            This project incorporates markdown into React.js.
          </p>
        </div>
      </div>
    </div>
  </div>
</DocumentFragment>
`;
